
> operum@0.0.0 dev
> vite --host 127.0.0.1


  [32m[1mVITE[22m v8.2.1[39m  [2mready in [0m[1m1615[22m[2m[0m ms[22m

  [32m➜[39m  [1mLocal[22m:   [36mhttp://127.0.0.1:[1m5173[22m/[39m
[2m[32m  ➜[39m[22m[2m  press [22m[1mh + enter[22m[2m to show help[22m
[2m18:26:08[22m [36m[1m[vite][22m[39m [90m[2m(client)[22m[39m [32mhmr update [39m[2m/src/styles.css[22m
[2m18:26:08[22m [36m[1m[vite][22m[39m [90m[2m(client)[22m[39m [32mhmr update [39m[2m/src/context/PortfoliosContext.tsx, /src/styles.css[22m
[2m18:26:08[22m [36m[1m[vite][22m[39m [90m[2m(client)[22m[39m [32mhmr update [39m[2m/src/context/PortfoliosContext.tsx, /src/styles.css[22m
[2m18:26:09[22m [36m[1m[vite][22m[39m [90m[2m(client)[22m[39m [33mhmr invalidate [39m[2m/src/context/PortfoliosContext.tsx[22m Could not Fast Refresh ("usePortfolios" export is incompatible). Learn more at https://github.com/vitejs/vite-plugin-react/tree/main/packages/plugin-react#consistent-components-exports
[2m18:26:09[22m [36m[1m[vite][22m[39m [90m[2m(client)[22m[39m [32mpage reload [39m[2msrc/context/PortfoliosContext.tsx[22m
[2m18:26:25[22m [36m[1m[vite][22m[39m [90m[2m(client)[22m[39m [32mhmr update [39m[2m/src/styles.css, /src/components/PortfolioAnalysisAI.tsx[22m
[2m18:26:35[22m [36m[1m[vite][22m[39m [90m[2m(client)[22m[39m [32mhmr update [39m[2m/src/styles.css[22m
[2m18:26:46[22m [36m[1m[vite][22m[39m [90m[2m(client)[22m[39m [32mhmr update [39m[2m/src/styles.css, /src/pages/PortfolioDetailsPage.tsx[22m
[2m18:27:34[22m [36m[1m[vite][22m[39m [90m[2m(client)[22m[39m [32mhmr update [39m[2m/src/styles.css, /src/pages/PortfolioDetailsPage.tsx[22m
[2m18:28:25[22m [36m[1m[vite][22m[39m [90m[2m(client)[22m[39m [32mhmr update [39m[2m/src/styles.css, /src/pages/PortfolioDetailsPage.tsx[22m
[2m18:28:47[22m [36m[1m[vite][22m[39m [90m[2m(client)[22m[39m [32mhmr update [39m[2m/src/styles.css[22m
[2m18:36:12[22m [36m[1m[vite][22m[39m [90m[2m(client)[22m[39m [32mhmr update [39m[2m/src/styles.css, /src/pages/PortfolioDetailsPage.tsx[22m
[2m22:13:50[22m [36m[1m[vite][22m[39m [32m.env changed, restarting server...[39m
[2m22:13:51[22m [36m[1m[vite][22m[39m server restarted.
[2m22:37:54[22m [36m[1m[vite][22m[39m [90m[2m(client)[22m[39m [32mhmr update [39m[2m/src/styles.css, /src/pages/ChatPage.tsx[22m
[2m22:39:44[22m [36m[1m[vite][22m[39m [90m[2m(client)[22m[39m [32mhmr update [39m[2m/src/styles.css[22m
[2m22:40:59[22m [36m[1m[vite][22m[39m [90m[2m(client)[22m[39m [32mhmr update [39m[2m/src/styles.css, /src/pages/ChatPage.tsx[22m
